// Jest Snapshot v1, https://goo.gl/fbAQLP

exports[`renders the payment header and stripe payment component 1`] = `
<div
  aria-label="Payment method"
  className="dummy-classname o-form c-payment"
>
  <PaymentHeader />
  <div
    className="c-payment__section"
    style={
      Object {
        "display": "block",
      }
    }
  >
    <StripePayment />
  </div>
</div>
`;
